// Jest Snapshot v1, https://goo.gl/fbAQLP

exports[`render app 1`] = `
Array [
  <style
    dangerouslySetInnerHTML={
      Object {
        "__html": "html{-webkit-font-smoothing:antialiased;-moz-osx-font-smoothing:grayscale;box-sizing:border-box;-webkit-text-size-adjust:100%;}*,*::before,*::after{box-sizing:inherit;}strong,b{font-weight:700;}body{margin:0;color:#fff;font-family:\\"Roboto\\",\\"Helvetica\\",\\"Arial\\",sans-serif;font-weight:400;font-size:1rem;line-height:1.5;letter-spacing:0.00938em;background-color:#1C1C1E;}@media print{body{background-color:#fff;}}body::backdrop{background-color:#1C1C1E;}",
      }
    }
    data-emotion="css-global 860x1u"
  />,
  <style
    dangerouslySetInnerHTML={
      Object {
        "__html": ".css-yuob64{margin:24px;}",
      }
    }
    data-emotion="css yuob64"
  />,
  <div
    className="MuiBox-root css-yuob64"
  >
    <style
      dangerouslySetInnerHTML={
        Object {
          "__html": ".css-1lgrvak-MuiButton-root{font-family:\\"Roboto\\",\\"Helvetica\\",\\"Arial\\",sans-serif;font-weight:500;font-size:0.875rem;line-height:1.75;letter-spacing:0.02857em;text-transform:uppercase;min-width:64px;padding:6px 16px;border-radius:4px;-webkit-transition:background-color 250ms cubic-bezier(0.4, 0, 0.2, 1) 0ms,box-shadow 250ms cubic-bezier(0.4, 0, 0.2, 1) 0ms,border-color 250ms cubic-bezier(0.4, 0, 0.2, 1) 0ms,color 250ms cubic-bezier(0.4, 0, 0.2, 1) 0ms;transition:background-color 250ms cubic-bezier(0.4, 0, 0.2, 1) 0ms,box-shadow 250ms cubic-bezier(0.4, 0, 0.2, 1) 0ms,border-color 250ms cubic-bezier(0.4, 0, 0.2, 1) 0ms,color 250ms cubic-bezier(0.4, 0, 0.2, 1) 0ms;background-color:#EF7BE3;box-shadow:0px 3px 1px -2px rgba(0,0,0,0.2),0px 2px 2px 0px rgba(0,0,0,0.14),0px 1px 5px 0px rgba(0,0,0,0.12);color:white;font-size:1rem;text-transform:none;}.css-1lgrvak-MuiButton-root:hover{-webkit-text-decoration:none;text-decoration:none;box-shadow:0px 2px 4px -1px rgba(0,0,0,0.2),0px 4px 5px 0px rgba(0,0,0,0.14),0px 1px 10px 0px rgba(0,0,0,0.12);}@media (hover: none){.css-1lgrvak-MuiButton-root:hover{background-color:#EF7BE3;}}.css-1lgrvak-MuiButton-root:active{box-shadow:0px 5px 5px -3px rgba(0,0,0,0.2),0px 8px 10px 1px rgba(0,0,0,0.14),0px 3px 14px 2px rgba(0,0,0,0.12);}.css-1lgrvak-MuiButton-root.Mui-focusVisible{box-shadow:0px 3px 5px -1px rgba(0,0,0,0.2),0px 6px 10px 0px rgba(0,0,0,0.14),0px 1px 18px 0px rgba(0,0,0,0.12);}.css-1lgrvak-MuiButton-root.Mui-disabled{color:rgba(255, 255, 255, 0.3);box-shadow:none;background-color:rgba(255, 255, 255, 0.12);}",
        }
      }
      data-emotion="css 1lgrvak-MuiButton-root"
    />
    <style
      dangerouslySetInnerHTML={
        Object {
          "__html": ".css-1u1bqvy-MuiButtonBase-root-MuiButton-root{display:-webkit-inline-box;display:-webkit-inline-flex;display:-ms-inline-flexbox;display:inline-flex;-webkit-align-items:center;-webkit-box-align:center;-ms-flex-align:center;align-items:center;-webkit-box-pack:center;-ms-flex-pack:center;-webkit-justify-content:center;justify-content:center;position:relative;box-sizing:border-box;-webkit-tap-highlight-color:transparent;background-color:transparent;outline:0;border:0;margin:0;border-radius:0;padding:0;cursor:pointer;-webkit-user-select:none;-moz-user-select:none;-ms-user-select:none;user-select:none;vertical-align:middle;-moz-appearance:none;-webkit-appearance:none;-webkit-text-decoration:none;text-decoration:none;color:inherit;font-family:\\"Roboto\\",\\"Helvetica\\",\\"Arial\\",sans-serif;font-weight:500;font-size:0.875rem;line-height:1.75;letter-spacing:0.02857em;text-transform:uppercase;min-width:64px;padding:6px 16px;border-radius:4px;-webkit-transition:background-color 250ms cubic-bezier(0.4, 0, 0.2, 1) 0ms,box-shadow 250ms cubic-bezier(0.4, 0, 0.2, 1) 0ms,border-color 250ms cubic-bezier(0.4, 0, 0.2, 1) 0ms,color 250ms cubic-bezier(0.4, 0, 0.2, 1) 0ms;transition:background-color 250ms cubic-bezier(0.4, 0, 0.2, 1) 0ms,box-shadow 250ms cubic-bezier(0.4, 0, 0.2, 1) 0ms,border-color 250ms cubic-bezier(0.4, 0, 0.2, 1) 0ms,color 250ms cubic-bezier(0.4, 0, 0.2, 1) 0ms;background-color:#EF7BE3;box-shadow:0px 3px 1px -2px rgba(0,0,0,0.2),0px 2px 2px 0px rgba(0,0,0,0.14),0px 1px 5px 0px rgba(0,0,0,0.12);color:white;font-size:1rem;text-transform:none;}.css-1u1bqvy-MuiButtonBase-root-MuiButton-root::-moz-focus-inner{border-style:none;}.css-1u1bqvy-MuiButtonBase-root-MuiButton-root.Mui-disabled{pointer-events:none;cursor:default;}@media print{.css-1u1bqvy-MuiButtonBase-root-MuiButton-root{-webkit-print-color-adjust:exact;color-adjust:exact;}}.css-1u1bqvy-MuiButtonBase-root-MuiButton-root:hover{-webkit-text-decoration:none;text-decoration:none;box-shadow:0px 2px 4px -1px rgba(0,0,0,0.2),0px 4px 5px 0px rgba(0,0,0,0.14),0px 1px 10px 0px rgba(0,0,0,0.12);}@media (hover: none){.css-1u1bqvy-MuiButtonBase-root-MuiButton-root:hover{background-color:#EF7BE3;}}.css-1u1bqvy-MuiButtonBase-root-MuiButton-root:active{box-shadow:0px 5px 5px -3px rgba(0,0,0,0.2),0px 8px 10px 1px rgba(0,0,0,0.14),0px 3px 14px 2px rgba(0,0,0,0.12);}.css-1u1bqvy-MuiButtonBase-root-MuiButton-root.Mui-focusVisible{box-shadow:0px 3px 5px -1px rgba(0,0,0,0.2),0px 6px 10px 0px rgba(0,0,0,0.14),0px 1px 18px 0px rgba(0,0,0,0.12);}.css-1u1bqvy-MuiButtonBase-root-MuiButton-root.Mui-disabled{color:rgba(255, 255, 255, 0.3);box-shadow:none;background-color:rgba(255, 255, 255, 0.12);}",
        }
      }
      data-emotion="css 1u1bqvy-MuiButtonBase-root-MuiButton-root"
    />
    <button
      className="MuiButton-root MuiButton-contained MuiButton-containedPurple MuiButton-sizeMedium MuiButton-containedSizeMedium MuiButtonBase-root  css-1u1bqvy-MuiButtonBase-root-MuiButton-root"
      disabled={false}
      onBlur={[Function]}
      onContextMenu={[Function]}
      onDragLeave={[Function]}
      onFocus={[Function]}
      onKeyDown={[Function]}
      onKeyUp={[Function]}
      onMouseDown={[Function]}
      onMouseLeave={[Function]}
      onMouseUp={[Function]}
      onTouchEnd={[Function]}
      onTouchMove={[Function]}
      onTouchStart={[Function]}
      tabIndex={0}
      type="button"
    >
      Save
    </button>
    <style
      dangerouslySetInnerHTML={
        Object {
          "__html": ".css-3gmw6e-MuiButton-root{font-family:\\"Roboto\\",\\"Helvetica\\",\\"Arial\\",sans-serif;font-weight:500;font-size:0.875rem;line-height:1.75;letter-spacing:0.02857em;text-transform:uppercase;min-width:64px;padding:6px 16px;border-radius:4px;-webkit-transition:background-color 250ms cubic-bezier(0.4, 0, 0.2, 1) 0ms,box-shadow 250ms cubic-bezier(0.4, 0, 0.2, 1) 0ms,border-color 250ms cubic-bezier(0.4, 0, 0.2, 1) 0ms,color 250ms cubic-bezier(0.4, 0, 0.2, 1) 0ms;transition:background-color 250ms cubic-bezier(0.4, 0, 0.2, 1) 0ms,box-shadow 250ms cubic-bezier(0.4, 0, 0.2, 1) 0ms,border-color 250ms cubic-bezier(0.4, 0, 0.2, 1) 0ms,color 250ms cubic-bezier(0.4, 0, 0.2, 1) 0ms;color:rgba(0, 0, 0, 0.87);background-color:#12C9C9;box-shadow:0px 3px 1px -2px rgba(0,0,0,0.2),0px 2px 2px 0px rgba(0,0,0,0.14),0px 1px 5px 0px rgba(0,0,0,0.12);color:white;font-size:1rem;text-transform:none;}.css-3gmw6e-MuiButton-root:hover{-webkit-text-decoration:none;text-decoration:none;background-color:rgb(12, 140, 140);box-shadow:0px 2px 4px -1px rgba(0,0,0,0.2),0px 4px 5px 0px rgba(0,0,0,0.14),0px 1px 10px 0px rgba(0,0,0,0.12);}@media (hover: none){.css-3gmw6e-MuiButton-root:hover{background-color:#12C9C9;}}.css-3gmw6e-MuiButton-root:active{box-shadow:0px 5px 5px -3px rgba(0,0,0,0.2),0px 8px 10px 1px rgba(0,0,0,0.14),0px 3px 14px 2px rgba(0,0,0,0.12);}.css-3gmw6e-MuiButton-root.Mui-focusVisible{box-shadow:0px 3px 5px -1px rgba(0,0,0,0.2),0px 6px 10px 0px rgba(0,0,0,0.14),0px 1px 18px 0px rgba(0,0,0,0.12);}.css-3gmw6e-MuiButton-root.Mui-disabled{color:rgba(255, 255, 255, 0.3);box-shadow:none;background-color:rgba(255, 255, 255, 0.12);}",
        }
      }
      data-emotion="css 3gmw6e-MuiButton-root"
    />
    <style
      dangerouslySetInnerHTML={
        Object {
          "__html": ".css-fcrf6-MuiButtonBase-root-MuiButton-root{display:-webkit-inline-box;display:-webkit-inline-flex;display:-ms-inline-flexbox;display:inline-flex;-webkit-align-items:center;-webkit-box-align:center;-ms-flex-align:center;align-items:center;-webkit-box-pack:center;-ms-flex-pack:center;-webkit-justify-content:center;justify-content:center;position:relative;box-sizing:border-box;-webkit-tap-highlight-color:transparent;background-color:transparent;outline:0;border:0;margin:0;border-radius:0;padding:0;cursor:pointer;-webkit-user-select:none;-moz-user-select:none;-ms-user-select:none;user-select:none;vertical-align:middle;-moz-appearance:none;-webkit-appearance:none;-webkit-text-decoration:none;text-decoration:none;color:inherit;font-family:\\"Roboto\\",\\"Helvetica\\",\\"Arial\\",sans-serif;font-weight:500;font-size:0.875rem;line-height:1.75;letter-spacing:0.02857em;text-transform:uppercase;min-width:64px;padding:6px 16px;border-radius:4px;-webkit-transition:background-color 250ms cubic-bezier(0.4, 0, 0.2, 1) 0ms,box-shadow 250ms cubic-bezier(0.4, 0, 0.2, 1) 0ms,border-color 250ms cubic-bezier(0.4, 0, 0.2, 1) 0ms,color 250ms cubic-bezier(0.4, 0, 0.2, 1) 0ms;transition:background-color 250ms cubic-bezier(0.4, 0, 0.2, 1) 0ms,box-shadow 250ms cubic-bezier(0.4, 0, 0.2, 1) 0ms,border-color 250ms cubic-bezier(0.4, 0, 0.2, 1) 0ms,color 250ms cubic-bezier(0.4, 0, 0.2, 1) 0ms;color:rgba(0, 0, 0, 0.87);background-color:#12C9C9;box-shadow:0px 3px 1px -2px rgba(0,0,0,0.2),0px 2px 2px 0px rgba(0,0,0,0.14),0px 1px 5px 0px rgba(0,0,0,0.12);color:white;font-size:1rem;text-transform:none;}.css-fcrf6-MuiButtonBase-root-MuiButton-root::-moz-focus-inner{border-style:none;}.css-fcrf6-MuiButtonBase-root-MuiButton-root.Mui-disabled{pointer-events:none;cursor:default;}@media print{.css-fcrf6-MuiButtonBase-root-MuiButton-root{-webkit-print-color-adjust:exact;color-adjust:exact;}}.css-fcrf6-MuiButtonBase-root-MuiButton-root:hover{-webkit-text-decoration:none;text-decoration:none;background-color:rgb(12, 140, 140);box-shadow:0px 2px 4px -1px rgba(0,0,0,0.2),0px 4px 5px 0px rgba(0,0,0,0.14),0px 1px 10px 0px rgba(0,0,0,0.12);}@media (hover: none){.css-fcrf6-MuiButtonBase-root-MuiButton-root:hover{background-color:#12C9C9;}}.css-fcrf6-MuiButtonBase-root-MuiButton-root:active{box-shadow:0px 5px 5px -3px rgba(0,0,0,0.2),0px 8px 10px 1px rgba(0,0,0,0.14),0px 3px 14px 2px rgba(0,0,0,0.12);}.css-fcrf6-MuiButtonBase-root-MuiButton-root.Mui-focusVisible{box-shadow:0px 3px 5px -1px rgba(0,0,0,0.2),0px 6px 10px 0px rgba(0,0,0,0.14),0px 1px 18px 0px rgba(0,0,0,0.12);}.css-fcrf6-MuiButtonBase-root-MuiButton-root.Mui-disabled{color:rgba(255, 255, 255, 0.3);box-shadow:none;background-color:rgba(255, 255, 255, 0.12);}",
        }
      }
      data-emotion="css fcrf6-MuiButtonBase-root-MuiButton-root"
    />
    <button
      className="MuiButton-root MuiButton-contained MuiButton-containedPrimary MuiButton-sizeMedium MuiButton-containedSizeMedium MuiButtonBase-root  css-fcrf6-MuiButtonBase-root-MuiButton-root"
      disabled={false}
      onBlur={[Function]}
      onContextMenu={[Function]}
      onDragLeave={[Function]}
      onFocus={[Function]}
      onKeyDown={[Function]}
      onKeyUp={[Function]}
      onMouseDown={[Function]}
      onMouseLeave={[Function]}
      onMouseUp={[Function]}
      onTouchEnd={[Function]}
      onTouchMove={[Function]}
      onTouchStart={[Function]}
      tabIndex={0}
      type="button"
    >
      Save
    </button>
    <style
      dangerouslySetInnerHTML={
        Object {
          "__html": ".css-phfgz1-MuiButton-root{font-family:\\"Roboto\\",\\"Helvetica\\",\\"Arial\\",sans-serif;font-weight:500;font-size:0.875rem;line-height:1.75;letter-spacing:0.02857em;text-transform:uppercase;min-width:64px;padding:6px 16px;border-radius:4px;-webkit-transition:background-color 250ms cubic-bezier(0.4, 0, 0.2, 1) 0ms,box-shadow 250ms cubic-bezier(0.4, 0, 0.2, 1) 0ms,border-color 250ms cubic-bezier(0.4, 0, 0.2, 1) 0ms,color 250ms cubic-bezier(0.4, 0, 0.2, 1) 0ms;transition:background-color 250ms cubic-bezier(0.4, 0, 0.2, 1) 0ms,box-shadow 250ms cubic-bezier(0.4, 0, 0.2, 1) 0ms,border-color 250ms cubic-bezier(0.4, 0, 0.2, 1) 0ms,color 250ms cubic-bezier(0.4, 0, 0.2, 1) 0ms;color:rgba(0, 0, 0, 0.87);background-color:#12C9C9;box-shadow:0px 3px 1px -2px rgba(0,0,0,0.2),0px 2px 2px 0px rgba(0,0,0,0.14),0px 1px 5px 0px rgba(0,0,0,0.12);color:white;font-size:1rem;text-transform:none;border-radius:100vh;}.css-phfgz1-MuiButton-root:hover{-webkit-text-decoration:none;text-decoration:none;background-color:rgb(12, 140, 140);box-shadow:0px 2px 4px -1px rgba(0,0,0,0.2),0px 4px 5px 0px rgba(0,0,0,0.14),0px 1px 10px 0px rgba(0,0,0,0.12);}@media (hover: none){.css-phfgz1-MuiButton-root:hover{background-color:#12C9C9;}}.css-phfgz1-MuiButton-root:active{box-shadow:0px 5px 5px -3px rgba(0,0,0,0.2),0px 8px 10px 1px rgba(0,0,0,0.14),0px 3px 14px 2px rgba(0,0,0,0.12);}.css-phfgz1-MuiButton-root.Mui-focusVisible{box-shadow:0px 3px 5px -1px rgba(0,0,0,0.2),0px 6px 10px 0px rgba(0,0,0,0.14),0px 1px 18px 0px rgba(0,0,0,0.12);}.css-phfgz1-MuiButton-root.Mui-disabled{color:rgba(255, 255, 255, 0.3);box-shadow:none;background-color:rgba(255, 255, 255, 0.12);}",
        }
      }
      data-emotion="css phfgz1-MuiButton-root"
    />
    <style
      dangerouslySetInnerHTML={
        Object {
          "__html": ".css-1cv1wez-MuiButtonBase-root-MuiButton-root{display:-webkit-inline-box;display:-webkit-inline-flex;display:-ms-inline-flexbox;display:inline-flex;-webkit-align-items:center;-webkit-box-align:center;-ms-flex-align:center;align-items:center;-webkit-box-pack:center;-ms-flex-pack:center;-webkit-justify-content:center;justify-content:center;position:relative;box-sizing:border-box;-webkit-tap-highlight-color:transparent;background-color:transparent;outline:0;border:0;margin:0;border-radius:0;padding:0;cursor:pointer;-webkit-user-select:none;-moz-user-select:none;-ms-user-select:none;user-select:none;vertical-align:middle;-moz-appearance:none;-webkit-appearance:none;-webkit-text-decoration:none;text-decoration:none;color:inherit;font-family:\\"Roboto\\",\\"Helvetica\\",\\"Arial\\",sans-serif;font-weight:500;font-size:0.875rem;line-height:1.75;letter-spacing:0.02857em;text-transform:uppercase;min-width:64px;padding:6px 16px;border-radius:4px;-webkit-transition:background-color 250ms cubic-bezier(0.4, 0, 0.2, 1) 0ms,box-shadow 250ms cubic-bezier(0.4, 0, 0.2, 1) 0ms,border-color 250ms cubic-bezier(0.4, 0, 0.2, 1) 0ms,color 250ms cubic-bezier(0.4, 0, 0.2, 1) 0ms;transition:background-color 250ms cubic-bezier(0.4, 0, 0.2, 1) 0ms,box-shadow 250ms cubic-bezier(0.4, 0, 0.2, 1) 0ms,border-color 250ms cubic-bezier(0.4, 0, 0.2, 1) 0ms,color 250ms cubic-bezier(0.4, 0, 0.2, 1) 0ms;color:rgba(0, 0, 0, 0.87);background-color:#12C9C9;box-shadow:0px 3px 1px -2px rgba(0,0,0,0.2),0px 2px 2px 0px rgba(0,0,0,0.14),0px 1px 5px 0px rgba(0,0,0,0.12);color:white;font-size:1rem;text-transform:none;border-radius:100vh;}.css-1cv1wez-MuiButtonBase-root-MuiButton-root::-moz-focus-inner{border-style:none;}.css-1cv1wez-MuiButtonBase-root-MuiButton-root.Mui-disabled{pointer-events:none;cursor:default;}@media print{.css-1cv1wez-MuiButtonBase-root-MuiButton-root{-webkit-print-color-adjust:exact;color-adjust:exact;}}.css-1cv1wez-MuiButtonBase-root-MuiButton-root:hover{-webkit-text-decoration:none;text-decoration:none;background-color:rgb(12, 140, 140);box-shadow:0px 2px 4px -1px rgba(0,0,0,0.2),0px 4px 5px 0px rgba(0,0,0,0.14),0px 1px 10px 0px rgba(0,0,0,0.12);}@media (hover: none){.css-1cv1wez-MuiButtonBase-root-MuiButton-root:hover{background-color:#12C9C9;}}.css-1cv1wez-MuiButtonBase-root-MuiButton-root:active{box-shadow:0px 5px 5px -3px rgba(0,0,0,0.2),0px 8px 10px 1px rgba(0,0,0,0.14),0px 3px 14px 2px rgba(0,0,0,0.12);}.css-1cv1wez-MuiButtonBase-root-MuiButton-root.Mui-focusVisible{box-shadow:0px 3px 5px -1px rgba(0,0,0,0.2),0px 6px 10px 0px rgba(0,0,0,0.14),0px 1px 18px 0px rgba(0,0,0,0.12);}.css-1cv1wez-MuiButtonBase-root-MuiButton-root.Mui-disabled{color:rgba(255, 255, 255, 0.3);box-shadow:none;background-color:rgba(255, 255, 255, 0.12);}",
        }
      }
      data-emotion="css 1cv1wez-MuiButtonBase-root-MuiButton-root"
    />
    <button
      className="MuiButton-root MuiButton-contained MuiButton-containedPrimary MuiButton-sizeMedium MuiButton-containedSizeMedium MuiButtonBase-root  css-1cv1wez-MuiButtonBase-root-MuiButton-root"
      disabled={false}
      onBlur={[Function]}
      onContextMenu={[Function]}
      onDragLeave={[Function]}
      onFocus={[Function]}
      onKeyDown={[Function]}
      onKeyUp={[Function]}
      onMouseDown={[Function]}
      onMouseLeave={[Function]}
      onMouseUp={[Function]}
      onTouchEnd={[Function]}
      onTouchMove={[Function]}
      onTouchStart={[Function]}
      radius="pill"
      tabIndex={0}
      type="button"
    >
      Save
    </button>
    <style
      dangerouslySetInnerHTML={
        Object {
          "__html": ".css-1myqtvq-MuiButton-root{font-family:\\"Roboto\\",\\"Helvetica\\",\\"Arial\\",sans-serif;font-weight:500;font-size:0.875rem;line-height:1.75;letter-spacing:0.02857em;text-transform:uppercase;min-width:64px;padding:6px 16px;border-radius:4px;-webkit-transition:background-color 250ms cubic-bezier(0.4, 0, 0.2, 1) 0ms,box-shadow 250ms cubic-bezier(0.4, 0, 0.2, 1) 0ms,border-color 250ms cubic-bezier(0.4, 0, 0.2, 1) 0ms,color 250ms cubic-bezier(0.4, 0, 0.2, 1) 0ms;transition:background-color 250ms cubic-bezier(0.4, 0, 0.2, 1) 0ms,box-shadow 250ms cubic-bezier(0.4, 0, 0.2, 1) 0ms,border-color 250ms cubic-bezier(0.4, 0, 0.2, 1) 0ms,color 250ms cubic-bezier(0.4, 0, 0.2, 1) 0ms;color:rgba(0, 0, 0, 0.87);background-color:#12C9C9;box-shadow:0px 3px 1px -2px rgba(0,0,0,0.2),0px 2px 2px 0px rgba(0,0,0,0.14),0px 1px 5px 0px rgba(0,0,0,0.12);color:white;font-size:1rem;text-transform:none;border-radius:20px;font-size:1rem;height:60px;}.css-1myqtvq-MuiButton-root:hover{-webkit-text-decoration:none;text-decoration:none;background-color:rgb(12, 140, 140);box-shadow:0px 2px 4px -1px rgba(0,0,0,0.2),0px 4px 5px 0px rgba(0,0,0,0.14),0px 1px 10px 0px rgba(0,0,0,0.12);}@media (hover: none){.css-1myqtvq-MuiButton-root:hover{background-color:#12C9C9;}}.css-1myqtvq-MuiButton-root:active{box-shadow:0px 5px 5px -3px rgba(0,0,0,0.2),0px 8px 10px 1px rgba(0,0,0,0.14),0px 3px 14px 2px rgba(0,0,0,0.12);}.css-1myqtvq-MuiButton-root.Mui-focusVisible{box-shadow:0px 3px 5px -1px rgba(0,0,0,0.2),0px 6px 10px 0px rgba(0,0,0,0.14),0px 1px 18px 0px rgba(0,0,0,0.12);}.css-1myqtvq-MuiButton-root.Mui-disabled{color:rgba(255, 255, 255, 0.3);box-shadow:none;background-color:rgba(255, 255, 255, 0.12);}",
        }
      }
      data-emotion="css 1myqtvq-MuiButton-root"
    />
    <style
      dangerouslySetInnerHTML={
        Object {
          "__html": ".css-1mj693d-MuiButtonBase-root-MuiButton-root{display:-webkit-inline-box;display:-webkit-inline-flex;display:-ms-inline-flexbox;display:inline-flex;-webkit-align-items:center;-webkit-box-align:center;-ms-flex-align:center;align-items:center;-webkit-box-pack:center;-ms-flex-pack:center;-webkit-justify-content:center;justify-content:center;position:relative;box-sizing:border-box;-webkit-tap-highlight-color:transparent;background-color:transparent;outline:0;border:0;margin:0;border-radius:0;padding:0;cursor:pointer;-webkit-user-select:none;-moz-user-select:none;-ms-user-select:none;user-select:none;vertical-align:middle;-moz-appearance:none;-webkit-appearance:none;-webkit-text-decoration:none;text-decoration:none;color:inherit;font-family:\\"Roboto\\",\\"Helvetica\\",\\"Arial\\",sans-serif;font-weight:500;font-size:0.875rem;line-height:1.75;letter-spacing:0.02857em;text-transform:uppercase;min-width:64px;padding:6px 16px;border-radius:4px;-webkit-transition:background-color 250ms cubic-bezier(0.4, 0, 0.2, 1) 0ms,box-shadow 250ms cubic-bezier(0.4, 0, 0.2, 1) 0ms,border-color 250ms cubic-bezier(0.4, 0, 0.2, 1) 0ms,color 250ms cubic-bezier(0.4, 0, 0.2, 1) 0ms;transition:background-color 250ms cubic-bezier(0.4, 0, 0.2, 1) 0ms,box-shadow 250ms cubic-bezier(0.4, 0, 0.2, 1) 0ms,border-color 250ms cubic-bezier(0.4, 0, 0.2, 1) 0ms,color 250ms cubic-bezier(0.4, 0, 0.2, 1) 0ms;color:rgba(0, 0, 0, 0.87);background-color:#12C9C9;box-shadow:0px 3px 1px -2px rgba(0,0,0,0.2),0px 2px 2px 0px rgba(0,0,0,0.14),0px 1px 5px 0px rgba(0,0,0,0.12);color:white;font-size:1rem;text-transform:none;border-radius:20px;font-size:1rem;height:60px;}.css-1mj693d-MuiButtonBase-root-MuiButton-root::-moz-focus-inner{border-style:none;}.css-1mj693d-MuiButtonBase-root-MuiButton-root.Mui-disabled{pointer-events:none;cursor:default;}@media print{.css-1mj693d-MuiButtonBase-root-MuiButton-root{-webkit-print-color-adjust:exact;color-adjust:exact;}}.css-1mj693d-MuiButtonBase-root-MuiButton-root:hover{-webkit-text-decoration:none;text-decoration:none;background-color:rgb(12, 140, 140);box-shadow:0px 2px 4px -1px rgba(0,0,0,0.2),0px 4px 5px 0px rgba(0,0,0,0.14),0px 1px 10px 0px rgba(0,0,0,0.12);}@media (hover: none){.css-1mj693d-MuiButtonBase-root-MuiButton-root:hover{background-color:#12C9C9;}}.css-1mj693d-MuiButtonBase-root-MuiButton-root:active{box-shadow:0px 5px 5px -3px rgba(0,0,0,0.2),0px 8px 10px 1px rgba(0,0,0,0.14),0px 3px 14px 2px rgba(0,0,0,0.12);}.css-1mj693d-MuiButtonBase-root-MuiButton-root.Mui-focusVisible{box-shadow:0px 3px 5px -1px rgba(0,0,0,0.2),0px 6px 10px 0px rgba(0,0,0,0.14),0px 1px 18px 0px rgba(0,0,0,0.12);}.css-1mj693d-MuiButtonBase-root-MuiButton-root.Mui-disabled{color:rgba(255, 255, 255, 0.3);box-shadow:none;background-color:rgba(255, 255, 255, 0.12);}",
        }
      }
      data-emotion="css 1mj693d-MuiButtonBase-root-MuiButton-root"
    />
    <button
      className="MuiButton-root MuiButton-contained MuiButton-containedPrimary MuiButton-sizeX-large MuiButton-containedSizeX-large MuiButtonBase-root  css-1mj693d-MuiButtonBase-root-MuiButton-root"
      disabled={false}
      onBlur={[Function]}
      onContextMenu={[Function]}
      onDragLeave={[Function]}
      onFocus={[Function]}
      onKeyDown={[Function]}
      onKeyUp={[Function]}
      onMouseDown={[Function]}
      onMouseLeave={[Function]}
      onMouseUp={[Function]}
      onTouchEnd={[Function]}
      onTouchMove={[Function]}
      onTouchStart={[Function]}
      tabIndex={0}
      type="button"
    >
      Save
    </button>
    <style
      dangerouslySetInnerHTML={
        Object {
          "__html": ".css-1d6daca-MuiTextField-root fieldset{-webkit-transition:border-color .2s;transition:border-color .2s;}.css-1d6daca-MuiTextField-root fieldset{border-color:#606060;}",
        }
      }
      data-emotion="css 1d6daca-MuiTextField-root"
    />
    <style
      dangerouslySetInnerHTML={
        Object {
          "__html": ".css-5h33cm-MuiFormControl-root-MuiTextField-root{display:-webkit-inline-box;display:-webkit-inline-flex;display:-ms-inline-flexbox;display:inline-flex;-webkit-flex-direction:column;-ms-flex-direction:column;flex-direction:column;position:relative;min-width:0;padding:0;margin:0;border:0;vertical-align:top;}.css-5h33cm-MuiFormControl-root-MuiTextField-root fieldset{-webkit-transition:border-color .2s;transition:border-color .2s;}.css-5h33cm-MuiFormControl-root-MuiTextField-root fieldset{border-color:#606060;}",
        }
      }
      data-emotion="css 5h33cm-MuiFormControl-root-MuiTextField-root"
    />
    <div
      className="MuiFormControl-root MuiTextField-root css-5h33cm-MuiFormControl-root-MuiTextField-root"
    >
      <style
        dangerouslySetInnerHTML={
          Object {
            "__html": ".css-1x92c1k-MuiInputLabel-root{display:block;transform-origin:top left;white-space:nowrap;overflow:hidden;text-overflow:ellipsis;max-width:calc(100% - 24px);position:absolute;left:0;top:0;-webkit-transform:translate(14px, 16px) scale(1);-moz-transform:translate(14px, 16px) scale(1);-ms-transform:translate(14px, 16px) scale(1);transform:translate(14px, 16px) scale(1);-webkit-transition:color 200ms cubic-bezier(0.0, 0, 0.2, 1) 0ms,-webkit-transform 200ms cubic-bezier(0.0, 0, 0.2, 1) 0ms,max-width 200ms cubic-bezier(0.0, 0, 0.2, 1) 0ms;transition:color 200ms cubic-bezier(0.0, 0, 0.2, 1) 0ms,transform 200ms cubic-bezier(0.0, 0, 0.2, 1) 0ms,max-width 200ms cubic-bezier(0.0, 0, 0.2, 1) 0ms;z-index:1;pointer-events:none;}",
          }
        }
        data-emotion="css 1x92c1k-MuiInputLabel-root"
      />
      <style
        dangerouslySetInnerHTML={
          Object {
            "__html": ".css-1qrdliv-MuiFormLabel-root-MuiInputLabel-root{color:rgba(255, 255, 255, 0.7);font-family:\\"Roboto\\",\\"Helvetica\\",\\"Arial\\",sans-serif;font-weight:400;font-size:1rem;line-height:1.4375em;letter-spacing:0.00938em;padding:0;position:relative;display:block;transform-origin:top left;white-space:nowrap;overflow:hidden;text-overflow:ellipsis;max-width:calc(100% - 24px);position:absolute;left:0;top:0;-webkit-transform:translate(14px, 16px) scale(1);-moz-transform:translate(14px, 16px) scale(1);-ms-transform:translate(14px, 16px) scale(1);transform:translate(14px, 16px) scale(1);-webkit-transition:color 200ms cubic-bezier(0.0, 0, 0.2, 1) 0ms,-webkit-transform 200ms cubic-bezier(0.0, 0, 0.2, 1) 0ms,max-width 200ms cubic-bezier(0.0, 0, 0.2, 1) 0ms;transition:color 200ms cubic-bezier(0.0, 0, 0.2, 1) 0ms,transform 200ms cubic-bezier(0.0, 0, 0.2, 1) 0ms,max-width 200ms cubic-bezier(0.0, 0, 0.2, 1) 0ms;z-index:1;pointer-events:none;}.css-1qrdliv-MuiFormLabel-root-MuiInputLabel-root.Mui-focused{color:#12C9C9;}.css-1qrdliv-MuiFormLabel-root-MuiInputLabel-root.Mui-disabled{color:rgba(255, 255, 255, 0.5);}.css-1qrdliv-MuiFormLabel-root-MuiInputLabel-root.Mui-error{color:#FF4E3E;}",
          }
        }
        data-emotion="css 1qrdliv-MuiFormLabel-root-MuiInputLabel-root"
      />
      <label
        className="MuiInputLabel-root MuiInputLabel-formControl MuiInputLabel-animated MuiInputLabel-outlined MuiFormLabel-root MuiFormLabel-colorPrimary css-1qrdliv-MuiFormLabel-root-MuiInputLabel-root"
        data-shrink={false}
        htmlFor=":r0:"
        id=":r0:-label"
      >
        Time
      </label>
      <style
        dangerouslySetInnerHTML={
          Object {
            "__html": "@-webkit-keyframes mui-auto-fill{from{display:block;}}@keyframes mui-auto-fill{from{display:block;}}@-webkit-keyframes mui-auto-fill-cancel{from{display:block;}}@keyframes mui-auto-fill-cancel{from{display:block;}}",
          }
        }
        data-emotion="css-global 1prfaxn"
      />
      <style
        dangerouslySetInnerHTML={
          Object {
            "__html": ".css-1v0ehgb-MuiInputBase-root-MuiOutlinedInput-root{font-family:\\"Roboto\\",\\"Helvetica\\",\\"Arial\\",sans-serif;font-weight:400;font-size:1rem;line-height:1.4375em;letter-spacing:0.00938em;color:#fff;box-sizing:border-box;position:relative;cursor:text;display:-webkit-inline-box;display:-webkit-inline-flex;display:-ms-inline-flexbox;display:inline-flex;-webkit-align-items:center;-webkit-box-align:center;-ms-flex-align:center;align-items:center;border-radius:16px!important;position:relative;border-radius:4px;padding-right:14px;}.css-1v0ehgb-MuiInputBase-root-MuiOutlinedInput-root.Mui-disabled{color:rgba(255, 255, 255, 0.5);cursor:default;}.css-1v0ehgb-MuiInputBase-root-MuiOutlinedInput-root:hover .MuiOutlinedInput-notchedOutline{border-color:#fff;}@media (hover: none){.css-1v0ehgb-MuiInputBase-root-MuiOutlinedInput-root:hover .MuiOutlinedInput-notchedOutline{border-color:rgba(255, 255, 255, 0.23);}}.css-1v0ehgb-MuiInputBase-root-MuiOutlinedInput-root.Mui-focused .MuiOutlinedInput-notchedOutline{border-color:#12C9C9;border-width:2px;}.css-1v0ehgb-MuiInputBase-root-MuiOutlinedInput-root.Mui-error .MuiOutlinedInput-notchedOutline{border-color:#FF4E3E;}.css-1v0ehgb-MuiInputBase-root-MuiOutlinedInput-root.Mui-disabled .MuiOutlinedInput-notchedOutline{border-color:rgba(255, 255, 255, 0.3);}",
          }
        }
        data-emotion="css 1v0ehgb-MuiInputBase-root-MuiOutlinedInput-root"
      />
      <div
        className="MuiOutlinedInput-root MuiInputBase-root MuiInputBase-colorPrimary MuiInputBase-formControl MuiInputBase-adornedEnd css-1v0ehgb-MuiInputBase-root-MuiOutlinedInput-root"
        onClick={[Function]}
      >
        <style
          dangerouslySetInnerHTML={
            Object {
              "__html": ".css-z4rnkg-MuiInputBase-input-MuiOutlinedInput-input{font:inherit;letter-spacing:inherit;color:currentColor;padding:4px 0 5px;border:0;box-sizing:content-box;background:none;height:1.4375em;margin:0;-webkit-tap-highlight-color:transparent;display:block;min-width:0;width:100%;-webkit-animation-name:mui-auto-fill-cancel;animation-name:mui-auto-fill-cancel;-webkit-animation-duration:10ms;animation-duration:10ms;padding:16.5px 14px;padding-right:0;}.css-z4rnkg-MuiInputBase-input-MuiOutlinedInput-input::-webkit-input-placeholder{color:currentColor;opacity:0.5;-webkit-transition:opacity 200ms cubic-bezier(0.4, 0, 0.2, 1) 0ms;transition:opacity 200ms cubic-bezier(0.4, 0, 0.2, 1) 0ms;}.css-z4rnkg-MuiInputBase-input-MuiOutlinedInput-input::-moz-placeholder{color:currentColor;opacity:0.5;-webkit-transition:opacity 200ms cubic-bezier(0.4, 0, 0.2, 1) 0ms;transition:opacity 200ms cubic-bezier(0.4, 0, 0.2, 1) 0ms;}.css-z4rnkg-MuiInputBase-input-MuiOutlinedInput-input:-ms-input-placeholder{color:currentColor;opacity:0.5;-webkit-transition:opacity 200ms cubic-bezier(0.4, 0, 0.2, 1) 0ms;transition:opacity 200ms cubic-bezier(0.4, 0, 0.2, 1) 0ms;}.css-z4rnkg-MuiInputBase-input-MuiOutlinedInput-input::-ms-input-placeholder{color:currentColor;opacity:0.5;-webkit-transition:opacity 200ms cubic-bezier(0.4, 0, 0.2, 1) 0ms;transition:opacity 200ms cubic-bezier(0.4, 0, 0.2, 1) 0ms;}.css-z4rnkg-MuiInputBase-input-MuiOutlinedInput-input:focus{outline:0;}.css-z4rnkg-MuiInputBase-input-MuiOutlinedInput-input:invalid{box-shadow:none;}.css-z4rnkg-MuiInputBase-input-MuiOutlinedInput-input::-webkit-search-decoration{-webkit-appearance:none;}label[data-shrink=false]+.MuiInputBase-formControl .css-z4rnkg-MuiInputBase-input-MuiOutlinedInput-input::-webkit-input-placeholder{opacity:0!important;}label[data-shrink=false]+.MuiInputBase-formControl .css-z4rnkg-MuiInputBase-input-MuiOutlinedInput-input::-moz-placeholder{opacity:0!important;}label[data-shrink=false]+.MuiInputBase-formControl .css-z4rnkg-MuiInputBase-input-MuiOutlinedInput-input:-ms-input-placeholder{opacity:0!important;}label[data-shrink=false]+.MuiInputBase-formControl .css-z4rnkg-MuiInputBase-input-MuiOutlinedInput-input::-ms-input-placeholder{opacity:0!important;}label[data-shrink=false]+.MuiInputBase-formControl .css-z4rnkg-MuiInputBase-input-MuiOutlinedInput-input:focus::-webkit-input-placeholder{opacity:0.5;}label[data-shrink=false]+.MuiInputBase-formControl .css-z4rnkg-MuiInputBase-input-MuiOutlinedInput-input:focus::-moz-placeholder{opacity:0.5;}label[data-shrink=false]+.MuiInputBase-formControl .css-z4rnkg-MuiInputBase-input-MuiOutlinedInput-input:focus:-ms-input-placeholder{opacity:0.5;}label[data-shrink=false]+.MuiInputBase-formControl .css-z4rnkg-MuiInputBase-input-MuiOutlinedInput-input:focus::-ms-input-placeholder{opacity:0.5;}.css-z4rnkg-MuiInputBase-input-MuiOutlinedInput-input.Mui-disabled{opacity:1;-webkit-text-fill-color:rgba(255, 255, 255, 0.5);}.css-z4rnkg-MuiInputBase-input-MuiOutlinedInput-input:-webkit-autofill{-webkit-animation-duration:5000s;animation-duration:5000s;-webkit-animation-name:mui-auto-fill;animation-name:mui-auto-fill;}.css-z4rnkg-MuiInputBase-input-MuiOutlinedInput-input:-webkit-autofill{-webkit-box-shadow:0 0 0 100px #266798 inset;-webkit-text-fill-color:#fff;caret-color:#fff;border-radius:inherit;}",
            }
          }
          data-emotion="css z4rnkg-MuiInputBase-input-MuiOutlinedInput-input"
        />
        <input
          aria-invalid={false}
          autoFocus={false}
          className="MuiOutlinedInput-input MuiInputBase-input MuiInputBase-inputAdornedEnd css-z4rnkg-MuiInputBase-input-MuiOutlinedInput-input"
          disabled={false}
          id=":r0:"
          onAnimationStart={[Function]}
          onBlur={[Function]}
          onChange={[Function]}
          onFocus={[Function]}
          required={false}
          type="text"
        />
        <style
          dangerouslySetInnerHTML={
            Object {
              "__html": ".css-i4bv87-MuiSvgIcon-root{-webkit-user-select:none;-moz-user-select:none;-ms-user-select:none;user-select:none;width:1em;height:1em;display:inline-block;fill:currentColor;-webkit-flex-shrink:0;-ms-flex-negative:0;flex-shrink:0;-webkit-transition:fill 200ms cubic-bezier(0.4, 0, 0.2, 1) 0ms;transition:fill 200ms cubic-bezier(0.4, 0, 0.2, 1) 0ms;font-size:1.5rem;}",
            }
          }
          data-emotion="css i4bv87-MuiSvgIcon-root"
        />
        <svg
          aria-hidden={true}
          className="MuiSvgIcon-root MuiSvgIcon-fontSizeMedium css-i4bv87-MuiSvgIcon-root"
          data-testid="AccessAlarmIcon"
          focusable="false"
          viewBox="0 0 24 24"
        >
          <path
            d="m22 5.72-4.6-3.86-1.29 1.53 4.6 3.86L22 5.72zM7.88 3.39 6.6 1.86 2 5.71l1.29 1.53 4.59-3.85zM12.5 8H11v6l4.75 2.85.75-1.23-4-2.37V8zM12 4c-4.97 0-9 4.03-9 9s4.02 9 9 9c4.97 0 9-4.03 9-9s-4.03-9-9-9zm0 16c-3.87 0-7-3.13-7-7s3.13-7 7-7 7 3.13 7 7-3.13 7-7 7z"
          />
        </svg>
        <style
          dangerouslySetInnerHTML={
            Object {
              "__html": ".css-fu3ru4-MuiOutlinedInput-notchedOutline{border-color:rgba(255, 255, 255, 0.23);}",
            }
          }
          data-emotion="css fu3ru4-MuiOutlinedInput-notchedOutline"
        />
        <style
          dangerouslySetInnerHTML={
            Object {
              "__html": ".css-9425fu-MuiOutlinedInput-notchedOutline{text-align:left;position:absolute;bottom:0;right:0;top:-5px;left:0;margin:0;padding:0 8px;pointer-events:none;border-radius:inherit;border-style:solid;border-width:1px;overflow:hidden;min-width:0%;border-color:rgba(255, 255, 255, 0.23);}",
            }
          }
          data-emotion="css 9425fu-MuiOutlinedInput-notchedOutline"
        />
        <fieldset
          aria-hidden={true}
          className="MuiOutlinedInput-notchedOutline css-9425fu-MuiOutlinedInput-notchedOutline"
        >
          <style
            dangerouslySetInnerHTML={
              Object {
                "__html": ".css-1ftyaf0{float:unset;overflow:hidden;display:block;width:auto;padding:0;height:11px;font-size:0.75em;visibility:hidden;max-width:0.01px;-webkit-transition:max-width 50ms cubic-bezier(0.0, 0, 0.2, 1) 0ms;transition:max-width 50ms cubic-bezier(0.0, 0, 0.2, 1) 0ms;white-space:nowrap;}.css-1ftyaf0>span{padding-left:5px;padding-right:5px;display:inline-block;opacity:0;visibility:visible;}",
              }
            }
            data-emotion="css 1ftyaf0"
          />
          <legend
            className="css-1ftyaf0"
          >
            <span>
              Time
            </span>
          </legend>
        </fieldset>
      </div>
    </div>
  </div>,
  <style
    dangerouslySetInnerHTML={
      Object {
        "__html": ".css-wytbi3-MuiTypography-root{margin:0;font-family:\\"Roboto\\",\\"Helvetica\\",\\"Arial\\",sans-serif;font-weight:400;font-size:1rem;line-height:1.5;letter-spacing:0.00938em;color:#EF7BE3;}",
      }
    }
    data-emotion="css wytbi3-MuiTypography-root"
  />,
  <p
    className="MuiTypography-root MuiTypography-body1 css-wytbi3-MuiTypography-root"
  >
    text
  </p>,
]
`;
